[INFO] Scanning for projects...
[INFO] 
[INFO] -------------------< com.qsh:ai-code-helper-openai >--------------------
[INFO] Building ai-code-helper-openai 0.0.1-SNAPSHOT
[INFO]   from pom.xml
[INFO] --------------------------------[ jar ]---------------------------------
[INFO] 
[INFO] --- clean:3.3.2:clean (default-clean) @ ai-code-helper-openai ---
[INFO] Deleting F:\workspace\ai-code-helper-openai\target
[INFO] 
[INFO] --- resources:3.3.1:resources (default-resources) @ ai-code-helper-openai ---
[INFO] Copying 2 resources from src\main\resources to target\classes
[INFO] Copying 7 resources from src\main\resources to target\classes
[INFO] 
[INFO] --- compiler:3.11.0:compile (default-compile) @ ai-code-helper-openai ---
[INFO] Changes detected - recompiling the module! :source
[INFO] Compiling 23 source files with javac [debug release 17] to target\classes
[INFO] -------------------------------------------------------------
[ERROR] COMPILATION ERROR : 
[INFO] -------------------------------------------------------------
[ERROR] /F:/workspace/ai-code-helper-openai/src/main/java/com/qsh/aicodehelper/service/TokenUsageService.java:[104,16] 找不到符号
  符号:   方法 info(java.lang.String,java.lang.String,java.lang.String,int,java.math.BigDecimal)
  位置: 类型为com.qsh.aicodehelper.entity.TokenUsageLog的变量 log
[INFO] 1 error
[INFO] -------------------------------------------------------------
[INFO] ------------------------------------------------------------------------
[INFO] BUILD FAILURE
[INFO] ------------------------------------------------------------------------
[INFO] Total time:  2.808 s
[INFO] Finished at: 2026-04-10T11:26:08+08:00
[INFO] ------------------------------------------------------------------------
[ERROR] Failed to execute goal org.apache.maven.plugins:maven-compiler-plugin:3.11.0:compile (default-compile) on project ai-code-helper-openai: Compilation failure
[ERROR] /F:/workspace/ai-code-helper-openai/src/main/java/com/qsh/aicodehelper/service/TokenUsageService.java:[104,16] 找不到符号
[ERROR]   符号:   方法 info(java.lang.String,java.lang.String,java.lang.String,int,java.math.BigDecimal)
[ERROR]   位置: 类型为com.qsh.aicodehelper.entity.TokenUsageLog的变量 log
[ERROR] 
[ERROR] -> [Help 1]
[ERROR] 
[ERROR] To see the full stack trace of the errors, re-run Maven with the -e switch.
[ERROR] Re-run Maven using the -X switch to enable full debug logging.
[ERROR] 
[ERROR] For more information about the errors and possible solutions, please read the following articles:
[ERROR] [Help 1] http://cwiki.apache.org/confluence/display/MAVEN/MojoFailureException
